ΓöîΓöÇΓöÇΓöÇΓöÇΓöÇΓöÇΓöÇΓöÇΓöÇΓöÇΓöÇΓöÇΓöÇΓöÇΓöÇΓöÇΓöÇΓöÇΓöÇΓöÇΓöÇΓöÇΓöÇΓöÇΓöÇΓöÇΓöÇΓöÇΓöÇΓöÇ ≡ƒÜÇ Starting up ΓöÇΓöÇΓöÇΓöÇΓöÇΓöÇΓöÇΓöÇΓöÇΓöÇΓöÇΓöÇΓöÇΓöÇΓöÇΓöÇΓöÇΓöÇΓöÇΓöÇΓöÇΓöÇΓöÇΓöÇΓöÇΓöÇΓöÇΓöÇΓöÇΓöÇΓöÇΓöÉ
Γöé CrowdWisdomTrading ΓÇö Crypto Prediction Agent                                Γöé
Γöé Multi-agent pipeline: Market Scout ΓåÆ Data Fetcher ΓåÆ Kronos ΓåÆ Kelly ΓåÆ        Γöé
Γöé Feedback                                                                    Γöé
Γöé                                                                             Γöé
Γöé   Asset(s) : ALL                                                            Γöé
Γöé   Mode     : direct_5min  (single 5-bar prediction)                         Γöé
Γöé   Cycles   : 1                                                              Γöé
Γöé   OpenRouter key : ...e6ad                                                  Γöé
Γöé   Apify token    : ...WQ37                                                  Γöé
Γöé                                                                             Γöé
ΓööΓöÇΓöÇΓöÇΓöÇΓöÇΓöÇΓöÇΓöÇΓöÇΓöÇΓöÇΓöÇΓöÇΓöÇΓöÇΓöÇΓöÇΓöÇΓöÇΓöÇΓöÇΓöÇΓöÇΓöÇΓöÇΓöÇΓöÇΓöÇΓöÇΓöÇΓöÇΓöÇΓöÇΓöÇΓöÇΓöÇΓöÇΓöÇΓöÇΓöÇΓöÇΓöÇΓöÇΓöÇΓöÇΓöÇΓöÇΓöÇΓöÇΓöÇΓöÇΓöÇΓöÇΓöÇΓöÇΓöÇΓöÇΓöÇΓöÇΓöÇΓöÇΓöÇΓöÇΓöÇΓöÇΓöÇΓöÇΓöÇΓöÇΓöÇΓöÇΓöÇΓöÇΓöÇΓöÇΓöÇΓöÇΓöÿ
[18:16:31] INFO     [Main] Initialising agentsΓÇª                                
           INFO     Agent initialized: Market Scout | tools=[]                 
           INFO     Agent initialized: Data Fetcher | tools=['_fetch_candles'] 
           INFO     Agent initialized: Kronos Predictor |                      
                    tools=['_predict_direct_5min', '_predict_stacked_1min']    
           INFO     Agent initialized: Kelly Risk Manager |                    
                    tools=['kelly_fraction']                                   
           INFO     Agent initialized: Feedback Loop |                         
                    tools=['_fetch_current_price', '_load_results',            
                    '_save_results']                                           
           INFO     [Market Scout] Starting query for assets: ['BTC', 'ETH']   
[18:16:32] INFO     [Market Scout] BTC: direction=UP, probability=0.52,        
                    net_odds=0.94, source=Polymarket API                       
           INFO     [Market Scout] ETH: direction=UP, probability=0.52,        
                    net_odds=0.94, source=Polymarket API                       
           INFO     [Market Scout] Step complete. Results: {'BTC':             
                    {'direction': 'UP', 'probability': 0.515, 'net_odds':      
                    0.941747572815534, 'source': 'Polymarket API'}, 'ETH':     
                    {'direction': 'UP', 'probability': 0.515, 'net_odds':      
                    0.941747572815534, 'source': 'Polymarket API'}}            

           INFO     [Market Scout] Γ£à OK | data_keys=['BTC', 'ETH']            
           INFO     [Data Fetcher] Starting data fetch for assets: ['BTC',     
                    'ETH']                                                     
           INFO     [Data Fetcher] Fetching 1000├ù1m candles for BTC (BTCUSDT)  
                    from Binance                                               
[18:16:33] INFO     [Data Fetcher] BTC: fetched 1000 candles | range:          
                    2026-06-30 20:07:00+00:00 ΓåÆ 2026-07-01 12:46:00+00:00      
           INFO     [Data Fetcher] BTC ready: 1000 rows, last close=58382.00   
           INFO     [Data Fetcher] Fetching 1000├ù1m candles for ETH (ETHUSDT)  
                    from Binance                                               
           INFO     [Data Fetcher] ETH: fetched 1000 candles | range:          
                    2026-06-30 20:07:00+00:00 ΓåÆ 2026-07-01 12:46:00+00:00      
           INFO     [Data Fetcher] ETH ready: 1000 rows, last close=1567.35    
           INFO     [Data Fetcher] Step complete. Assets with data: ['BTC',    
                    'ETH']                                                     

           INFO     [Data Fetcher] Γ£à OK | data_keys=['BTC', 'ETH']            
           INFO     [Kronos] Starting predictions | mode=direct_5min |         
                    assets=['BTC', 'ETH']                                      
           INFO     [Kronos] Loading model NeoQuasar/Kronos-mini + tokenizer   
                    NeoQuasar/Kronos-Tokenizer-2k from HuggingFace Hub (CPU).  
                    First load may take 1-2 minutesΓÇª                           
[18:16:35] INFO     HTTP Request: HEAD                                         
                    https://huggingface.co/NeoQuasar/Kronos-Tokenizer-2k/resolv
                    e/main/config.json "HTTP/1.1 307 Temporary Redirect"       
           INFO     HTTP Request: HEAD                                         
                    https://huggingface.co/api/resolve-cache/models/NeoQuasar/K
                    ronos-Tokenizer-2k/26966d0035065a0cae0ebad7af8ece35bc1fb51c
                    /config.json "HTTP/1.1 200 OK"                             
           INFO     HTTP Request: HEAD                                         
                    https://huggingface.co/NeoQuasar/Kronos-Tokenizer-2k/resolv
                    e/main/model.safetensors "HTTP/1.1 302 Found"              
venv\Scripts\python : Warning: You are sending 
unauthenticated requests to the HF Hub. Please 
set a HF_TOKEN to enable higher rate limits and 
faster downloads.
At line:1 char:32
+ ... NG="utf-8"; venv\Scripts\python main.py 
--asset ALL --mode direct_5mi ...
+                 ~~~~~~~~~~~~~~~~~~~~~~~~~~~~~~
~~~~~~~~~~~~~~~~~~~~~~~~~~~
    + CategoryInfo          : NotSpecified: (Wa 
   rning: You ar...ster downloads.:String) [],  
   RemoteException
    + FullyQualifiedErrorId : NativeCommandErro 
   r
 
           WARNING  Warning: You are sending unauthenticated requests to the HF
                    Hub. Please set a HF_TOKEN to enable higher rate limits and
                    faster downloads.                                          
           INFO     HTTP Request: HEAD                                         
                    https://huggingface.co/NeoQuasar/Kronos-mini/resolve/main/c
                    onfig.json "HTTP/1.1 307 Temporary Redirect"               
           INFO     HTTP Request: HEAD                                         
                    https://huggingface.co/api/resolve-cache/models/NeoQuasar/K
                    ronos-mini/f4e68697d9d5aed55cef5c96aabc3376bcad9f81/config.
                    json "HTTP/1.1 200 OK"                                     
[18:16:36] INFO     HTTP Request: HEAD                                         
                    https://huggingface.co/NeoQuasar/Kronos-mini/resolve/main/m
                    odel.safetensors "HTTP/1.1 302 Found"                      
           INFO     [Kronos] Γ£à Model loaded and cached in memory.             
           INFO     [Kronos] BTC direct_5min: predicting 5 bars ahead from     
                    2026-07-01 12:46:00+00:00                                  

  0%|          | 0/5 [00:00<?, ?it/s]
 40%|ΓûêΓûêΓûêΓûê      | 2/5 [00:00<00:00, 
18.94it/s]
 80%|ΓûêΓûêΓûêΓûêΓûêΓûêΓûêΓûê  | 4/5 
[00:00<00:00, 18.43it/s]
100%|ΓûêΓûêΓûêΓûêΓûêΓûêΓûêΓûêΓûêΓûê| 5/5 
[00:00<00:00, 19.09it/s]
           INFO     [Kronos] BTC ΓåÆ direction=UP, probability=0.504,            
                    predicted_close=58384.6523                                 
           INFO     [Kronos] ETH direct_5min: predicting 5 bars ahead from     
                    2026-07-01 12:46:00+00:00                                  

  0%|          | 0/5 [00:00<?, ?it/s]
 60%|ΓûêΓûêΓûêΓûêΓûêΓûê    | 3/5 [00:00<00:00, 
22.87it/s]
100%|ΓûêΓûêΓûêΓûêΓûêΓûêΓûêΓûêΓûêΓûê| 5/5 
[00:00<00:00, 21.05it/s]
[18:16:37] INFO     [Kronos] ETH ΓåÆ direction=UP, probability=0.530,            
                    predicted_close=1567.946                                   

           INFO     [Kronos Predictor] Γ£à OK | data_keys=['BTC', 'ETH']        
           INFO     [Kelly] BTC | direction=UP                                 
                      p (win probability from Kronos) = 0.5036                 
                      q (loss probability)            = 0.4964                 
                      b (market net odds)             = 0.9417                 
                      f* (full Kelly fraction)        = -0.0235                
                      Half-Kelly multiplier           = 0.5├ù                   
                      half_kelly_raw                  = 0.0000                 
                      clamped to [0, 1]               = 0.0000                 
                      Hypothetical bet (bankroll      = $1000) = $0.00         
           INFO     [Kelly] BTC: negative expected value (f*=-0.0235). Kelly   
                    recommends NO BET for this asset.                          
           INFO     [Kelly] ETH | direction=UP                                 
                      p (win probability from Kronos) = 0.5304                 
                      q (loss probability)            = 0.4696                 
                      b (market net odds)             = 0.9417                 
                      f* (full Kelly fraction)        = 0.0318                 
                      Half-Kelly multiplier           = 0.5├ù                   
                      half_kelly_raw                  = 0.0159                 
                      clamped to [0, 1]               = 0.0159                 
                      Hypothetical bet (bankroll      = $1000) = $15.88        
           INFO     [Kelly] Step complete. Sizings: BTC=0.0000, ETH=0.0159     

           INFO     [Kelly Risk Manager] Γ£à OK | data_keys=['BTC', 'ETH']      
           INFO     [Feedback] Registered prediction: BTC ΓåÆ UP (prob=0.504,    
                    kelly=0.0000)                                              
           INFO     [Feedback] Registered prediction: ETH ΓåÆ UP (prob=0.530,    
                    kelly=0.0159)                                              
                            ≡ƒö« Predictions & Sizing                            
ΓöîΓöÇΓöÇΓöÇΓöÇΓöÇΓöÇΓöÇΓö¼ΓöÇΓöÇΓöÇΓöÇΓöÇΓöÇΓöÇΓöÇΓöÇΓö¼ΓöÇΓöÇΓöÇΓöÇΓöÇΓöÇΓöÇΓöÇΓöÇΓö¼ΓöÇΓöÇΓöÇΓöÇΓöÇΓöÇΓöÇΓöÇΓöÇΓö¼ΓöÇΓöÇΓöÇΓöÇΓöÇΓöÇΓöÇΓöÇΓöÇΓö¼ΓöÇΓöÇΓöÇΓöÇΓöÇΓöÇΓöÇΓöÇΓöÇΓö¼ΓöÇΓöÇΓöÇΓöÇΓöÇΓöÇΓöÇΓöÇΓöÇΓö¼ΓöÇΓöÇΓöÇΓöÇΓöÇΓöÇΓöÇΓöÇΓöÇΓöÉ
Γöé       Γöé         Γöé         Γöé    Pred Γöé  Market Γöé   Kelly Γöé     Bet Γöé         Γöé
Γöé Asset Γöé DirectΓÇª Γöé ProbabΓÇª Γöé   Close Γöé    Odds Γöé    Frac Γöé   (USD) Γöé Mode    Γöé
Γö£ΓöÇΓöÇΓöÇΓöÇΓöÇΓöÇΓöÇΓö╝ΓöÇΓöÇΓöÇΓöÇΓöÇΓöÇΓöÇΓöÇΓöÇΓö╝ΓöÇΓöÇΓöÇΓöÇΓöÇΓöÇΓöÇΓöÇΓöÇΓö╝ΓöÇΓöÇΓöÇΓöÇΓöÇΓöÇΓöÇΓöÇΓöÇΓö╝ΓöÇΓöÇΓöÇΓöÇΓöÇΓöÇΓöÇΓöÇΓöÇΓö╝ΓöÇΓöÇΓöÇΓöÇΓöÇΓöÇΓöÇΓöÇΓöÇΓö╝ΓöÇΓöÇΓöÇΓöÇΓöÇΓöÇΓöÇΓöÇΓöÇΓö╝ΓöÇΓöÇΓöÇΓöÇΓöÇΓöÇΓöÇΓöÇΓöÇΓöñ
Γöé BTC   Γöé   UP    Γöé   0.504 Γöé 58384.ΓÇª Γöé   0.942 Γöé  0.0000 Γöé   $0.00 Γöé directΓÇª Γöé
Γöé ETH   Γöé   UP    Γöé   0.530 Γöé 1567.95 Γöé   0.942 Γöé  0.0159 Γöé  $15.88 Γöé directΓÇª Γöé
ΓööΓöÇΓöÇΓöÇΓöÇΓöÇΓöÇΓöÇΓö┤ΓöÇΓöÇΓöÇΓöÇΓöÇΓöÇΓöÇΓöÇΓöÇΓö┤ΓöÇΓöÇΓöÇΓöÇΓöÇΓöÇΓöÇΓöÇΓöÇΓö┤ΓöÇΓöÇΓöÇΓöÇΓöÇΓöÇΓöÇΓöÇΓöÇΓö┤ΓöÇΓöÇΓöÇΓöÇΓöÇΓöÇΓöÇΓöÇΓöÇΓö┤ΓöÇΓöÇΓöÇΓöÇΓöÇΓöÇΓöÇΓöÇΓöÇΓö┤ΓöÇΓöÇΓöÇΓöÇΓöÇΓöÇΓöÇΓöÇΓöÇΓö┤ΓöÇΓöÇΓöÇΓöÇΓöÇΓöÇΓöÇΓöÇΓöÇΓöÿ
           INFO     [Feedback] Scoring 2 pending prediction(s)ΓÇª                
           INFO     [Feedback] Γ¥î BTC: predicted=UP, actual=DOWN |             
                    entry=58382.00, now=58382.00                               
[18:16:38] INFO     [Feedback] Γ¥î ETH: predicted=UP, actual=DOWN |             
                    entry=1567.35, now=1567.35                                 
   ≡ƒôè Prediction Accuracy ΓÇö Live Tracker   
ΓöîΓöÇΓöÇΓöÇΓöÇΓöÇΓöÇΓöÇΓöÇΓöÇΓöÇΓöÇΓöÇΓöÇΓöÇΓöÇΓöÇΓöÇΓöÇΓöÇΓöÇΓöÇΓöÇΓöÇΓöÇΓöÇΓöÇΓö¼ΓöÇΓöÇΓöÇΓöÇΓöÇΓöÇΓöÇΓöÇΓöÇΓöÇΓöÇΓöÇΓöÇΓöÇΓöÉ
Γöé Metric                   Γöé        Value Γöé
Γö£ΓöÇΓöÇΓöÇΓöÇΓöÇΓöÇΓöÇΓöÇΓöÇΓöÇΓöÇΓöÇΓöÇΓöÇΓöÇΓöÇΓöÇΓöÇΓöÇΓöÇΓöÇΓöÇΓöÇΓöÇΓöÇΓöÇΓö╝ΓöÇΓöÇΓöÇΓöÇΓöÇΓöÇΓöÇΓöÇΓöÇΓöÇΓöÇΓöÇΓöÇΓöÇΓöñ
Γöé Total Predictions Scored Γöé           22 Γöé
Γöé Rolling Accuracy         Γöé        50.0% Γöé
Γöé Correct Predictions      Γöé      11 / 22 Γöé
Γöé Avg Kelly Fraction Sized Γöé       0.0691 Γöé
Γöé   BTC Accuracy           Γöé 54.5% (6/11) Γöé
Γöé   ETH Accuracy           Γöé 45.5% (5/11) Γöé
ΓööΓöÇΓöÇΓöÇΓöÇΓöÇΓöÇΓöÇΓöÇΓöÇΓöÇΓöÇΓöÇΓöÇΓöÇΓöÇΓöÇΓöÇΓöÇΓöÇΓöÇΓöÇΓöÇΓöÇΓöÇΓöÇΓöÇΓö┤ΓöÇΓöÇΓöÇΓöÇΓöÇΓöÇΓöÇΓöÇΓöÇΓöÇΓöÇΓöÇΓöÇΓöÇΓöÿ

           INFO     [Feedback Loop] Γ£à OK | data_keys=['stats',                
                    'scored_this_cycle']                                       
ΓöîΓöÇΓöÇΓöÇΓöÇΓöÇΓöÇΓöÇΓöÇΓöÇΓöÇΓöÇΓöÇΓöÇ ≡ƒôï Run Summary ΓöÇΓöÇΓöÇΓöÇΓöÇΓöÇΓöÇΓöÇΓöÇΓöÇΓöÇΓöÇΓöÇΓöÇΓöÉ
Γöé Γ£à Run completed                          Γöé
Γöé                                           Γöé
Γöé Assets analysed    : BTC, ETH             Γöé
Γöé Predictions made  : 2                     Γöé
Γöé Rolling accuracy   : 50.0% (11/22 scored) Γöé
Γöé Avg Kelly fraction : 0.0691               Γöé
Γöé Elapsed time       : 6.4s                 Γöé
ΓööΓöÇΓöÇΓöÇΓöÇΓöÇΓöÇΓöÇΓöÇΓöÇΓöÇΓöÇΓöÇΓöÇΓöÇΓöÇΓöÇΓöÇΓöÇΓöÇΓöÇΓöÇΓöÇΓöÇΓöÇΓöÇΓöÇΓöÇΓöÇΓöÇΓöÇΓöÇΓöÇΓöÇΓöÇΓöÇΓöÇΓöÇΓöÇΓöÇΓöÇΓöÇΓöÇΓöÇΓöÿ
